Reading netlist file: "D:\Apps\Gowin\User\dht_lcd\impl\gwsynthesis\dht_lcd.vg"
Parsing netlist file "D:\Apps\Gowin\User\dht_lcd\impl\gwsynthesis\dht_lcd.vg" completed
Processing netlist completed
Reading constraint file: "D:\Apps\Gowin\User\dht_lcd\src\dht_lcd.cst"
Physical Constraint parsed completed
Running placement......
[10%] Placement Phase 0 completed
[20%] Placement Phase 1 completed
[30%] Placement Phase 2 completed
WARN  (TA1132) :  'clk' was determined to be a clock but was not created.
[50%] Placement Phase 3 completed
Running routing......
[60%] Routing Phase 0 completed
[70%] Routing Phase 1 completed
[80%] Routing Phase 2 completed
[90%] Routing Phase 3 completed
Running timing analysis......
[95%] Timing analysis completed
Placement and routing completed
Bitstream generation in progress......
Bitstream generation completed
Running power analysis......
[100%] Power analysis completed
Generate file "D:\Apps\Gowin\User\dht_lcd\impl\pnr\dht_lcd.power.html" completed
Generate file "D:\Apps\Gowin\User\dht_lcd\impl\pnr\dht_lcd.pin.html" completed
Generate file "D:\Apps\Gowin\User\dht_lcd\impl\pnr\dht_lcd.rpt.html" completed
Generate file "D:\Apps\Gowin\User\dht_lcd\impl\pnr\dht_lcd.rpt.txt" completed
Generate file "D:\Apps\Gowin\User\dht_lcd\impl\pnr\dht_lcd.tr.html" completed
Sat Apr  5 18:17:34 2025

